GET     /
POST    /api/auth/login
POST    /api/auth/logout
POST    /api/auth/password
GET     /api/auth/session
POST    /api/auth/setup
GET     /api/auth/users
POST    /api/auth/users
DELETE  /api/auth/users/{id}
GET     /api/blocking/disable
GET     /api/blocking/enable
GET     /api/blocking/status
POST    /api/cache/flush
POST    /api/config/apply
GET     /api/config/block-settings
PUT     /api/config/block-settings
GET     /api/config/blocklist-sources
POST    /api/config/blocklist-sources
DELETE  /api/config/blocklist-sources/{id}
GET     /api/config/blocklist-sources/{id}
PUT     /api/config/blocklist-sources/{id}
GET     /api/config/client-groups
DELETE  /api/config/client-groups/{name}
GET     /api/config/client-groups/{name}
PUT     /api/config/client-groups/{name}
GET     /api/config/custom-dns
POST    /api/config/custom-dns
DELETE  /api/config/custom-dns/{id}
GET     /api/config/custom-dns/{id}
PUT     /api/config/custom-dns/{id}
GET     /api/config/domain-entries
POST    /api/config/domain-entries
DELETE  /api/config/domain-entries/{id}
GET     /api/config/domain-entries/{id}
PUT     /api/config/domain-entries/{id}
GET     /api/config/upstream-groups
DELETE  /api/config/upstream-groups/{name}
GET     /api/config/upstream-groups/{name}
PUT     /api/config/upstream-groups/{name}
GET     /api/config/upstream-groups/{name}/servers
POST    /api/config/upstream-groups/{name}/servers
DELETE  /api/config/upstream-groups/{name}/servers/{id}
PUT     /api/config/upstream-groups/{name}/servers/{id}
GET     /api/config/upstream-settings
PUT     /api/config/upstream-settings
GET     /api/discovered-clients
GET     /api/endpoint-info
POST    /api/lists/refresh
GET     /api/mobileconfig/{slug}
POST    /api/query
GET     /api/stats
GET     /api/stats/overtime
GET     /api/stats/overtime/clients
GET     /api/stats/overtime/latency
GET     /api/stats/query-types
GET     /api/stats/response-types
GET     /api/stats/top-clients
GET     /api/stats/top-domains
GET     /api/version
GET     /api/ws/logs
GET     /debug/
ANY     /debug/pprof
ANY     /debug/pprof/*
ANY     /debug/pprof/allocs
ANY     /debug/pprof/block
ANY     /debug/pprof/cmdline
ANY     /debug/pprof/goroutine
ANY     /debug/pprof/heap
ANY     /debug/pprof/mutex
ANY     /debug/pprof/profile
ANY     /debug/pprof/symbol
ANY     /debug/pprof/threadcreate
ANY     /debug/pprof/trace
ANY     /debug/vars
GET     /docs/openapi.yaml
ANY     /metrics
ANY     /robots.txt
ANY     /static/*
GET     /ui
ANY     /ui/*
